// Jest Snapshot v1, https://goo.gl/fbAQLP

exports[`Login will match snapshot 1`] = `
Object {
  "asFragment": [Function],
  "baseElement": <body>
    <div>
      <div>
        <h3>
          Employee Polls
        </h3>
        <img
          src="Login.png"
        />
        <h3>
          Login
        </h3>
        <form
          class="login"
        >
          <label
            for="username"
          >
            Username:
          </label>
          <input
            data-testid="username"
            id="username"
            name="username"
            placeholder="User"
            type="text"
            value=""
          />
          <br />
          <label
            for="password"
          >
            Password:
          </label>
          <input
            data-testid="password"
            id="password"
            name="password"
            placeholder="Password"
            type="password"
            value=""
          />
          <br />
          <button
            class="btn"
            data-testid="submitButton"
            disabled=""
            type="submit"
          >
            Submit
          </button>
        </form>
      </div>
    </div>
  </body>,
  "container": <div>
    <div>
      <h3>
        Employee Polls
      </h3>
      <img
        src="Login.png"
      />
      <h3>
        Login
      </h3>
      <form
        class="login"
      >
        <label
          for="username"
        >
          Username:
        </label>
        <input
          data-testid="username"
          id="username"
          name="username"
          placeholder="User"
          type="text"
          value=""
        />
        <br />
        <label
          for="password"
        >
          Password:
        </label>
        <input
          data-testid="password"
          id="password"
          name="password"
          placeholder="Password"
          type="password"
          value=""
        />
        <br />
        <button
          class="btn"
          data-testid="submitButton"
          disabled=""
          type="submit"
        >
          Submit
        </button>
      </form>
    </div>
  </div>,
  "debug": [Function],
  "findAllByAltText": [Function],
  "findAllByDisplayValue": [Function],
  "findAllByLabelText": [Function],
  "findAllByPlaceholderText": [Function],
  "findAllByRole": [Function],
  "findAllByTestId": [Function],
  "findAllByText": [Function],
  "findAllByTitle": [Function],
  "findByAltText": [Function],
  "findByDisplayValue": [Function],
  "findByLabelText": [Function],
  "findByPlaceholderText": [Function],
  "findByRole": [Function],
  "findByTestId": [Function],
  "findByText": [Function],
  "findByTitle": [Function],
  "getAllByAltText": [Function],
  "getAllByDisplayValue": [Function],
  "getAllByLabelText": [Function],
  "getAllByPlaceholderText": [Function],
  "getAllByRole": [Function],
  "getAllByTestId": [Function],
  "getAllByText": [Function],
  "getAllByTitle": [Function],
  "getByAltText": [Function],
  "getByDisplayValue": [Function],
  "getByLabelText": [Function],
  "getByPlaceholderText": [Function],
  "getByRole": [Function],
  "getByTestId": [Function],
  "getByText": [Function],
  "getByTitle": [Function],
  "queryAllByAltText": [Function],
  "queryAllByDisplayValue": [Function],
  "queryAllByLabelText": [Function],
  "queryAllByPlaceholderText": [Function],
  "queryAllByRole": [Function],
  "queryAllByTestId": [Function],
  "queryAllByText": [Function],
  "queryAllByTitle": [Function],
  "queryByAltText": [Function],
  "queryByDisplayValue": [Function],
  "queryByLabelText": [Function],
  "queryByPlaceholderText": [Function],
  "queryByRole": [Function],
  "queryByTestId": [Function],
  "queryByText": [Function],
  "queryByTitle": [Function],
  "rerender": [Function],
  "unmount": [Function],
}
`;
