// Jest Snapshot v1, https://goo.gl/fbAQLP

exports[`Poll Creation will match snapshot 1`] = `
Object {
  "asFragment": [Function],
  "baseElement": <body>
    <div>
      <nav
        class="navbar"
      >
        <ul>
          <li
            class="navitem"
          >
            <a
              href="/home"
            >
              Home
            </a>
          </li>
          <li
            class="navitem"
          >
            <a
              href="/leaderboard"
            >
              Leaderboard
            </a>
          </li>
          <li
            class="navitem"
          >
            <a
              href="/new"
            >
              New
            </a>
          </li>
          <ul
            class="navbar-right"
          >
            <li
              class="navitem"
            />
            <li
              class="navitem"
            >
              <a
                href="/"
              >
                 Logout 
              </a>
            </li>
          </ul>
        </ul>
      </nav>
      <div>
        <h3>
          Would you rather
        </h3>
        <h1>
          Create yout own poll
        </h1>
        <form
          class="login"
        >
          <label
            for="optionOne"
          >
            First option:
          </label>
          <input
            data-testid="optionOne"
            id="optionOne"
            name="optionOne"
            placeholder="Option One"
            type="text"
            value=""
          />
          <br />
          <label
            for="optionTwo"
          >
            Second option:
          </label>
          <input
            data-testid="optionTwo"
            id="optionTwo"
            name="optionTwo"
            placeholder="Option Two"
            type="text"
            value=""
          />
          <br />
          <button
            class="btn"
            data-testid="submitButton"
            disabled=""
            type="submit"
          >
            Submit
          </button>
        </form>
      </div>
    </div>
  </body>,
  "container": <div>
    <nav
      class="navbar"
    >
      <ul>
        <li
          class="navitem"
        >
          <a
            href="/home"
          >
            Home
          </a>
        </li>
        <li
          class="navitem"
        >
          <a
            href="/leaderboard"
          >
            Leaderboard
          </a>
        </li>
        <li
          class="navitem"
        >
          <a
            href="/new"
          >
            New
          </a>
        </li>
        <ul
          class="navbar-right"
        >
          <li
            class="navitem"
          />
          <li
            class="navitem"
          >
            <a
              href="/"
            >
               Logout 
            </a>
          </li>
        </ul>
      </ul>
    </nav>
    <div>
      <h3>
        Would you rather
      </h3>
      <h1>
        Create yout own poll
      </h1>
      <form
        class="login"
      >
        <label
          for="optionOne"
        >
          First option:
        </label>
        <input
          data-testid="optionOne"
          id="optionOne"
          name="optionOne"
          placeholder="Option One"
          type="text"
          value=""
        />
        <br />
        <label
          for="optionTwo"
        >
          Second option:
        </label>
        <input
          data-testid="optionTwo"
          id="optionTwo"
          name="optionTwo"
          placeholder="Option Two"
          type="text"
          value=""
        />
        <br />
        <button
          class="btn"
          data-testid="submitButton"
          disabled=""
          type="submit"
        >
          Submit
        </button>
      </form>
    </div>
  </div>,
  "debug": [Function],
  "findAllByAltText": [Function],
  "findAllByDisplayValue": [Function],
  "findAllByLabelText": [Function],
  "findAllByPlaceholderText": [Function],
  "findAllByRole": [Function],
  "findAllByTestId": [Function],
  "findAllByText": [Function],
  "findAllByTitle": [Function],
  "findByAltText": [Function],
  "findByDisplayValue": [Function],
  "findByLabelText": [Function],
  "findByPlaceholderText": [Function],
  "findByRole": [Function],
  "findByTestId": [Function],
  "findByText": [Function],
  "findByTitle": [Function],
  "getAllByAltText": [Function],
  "getAllByDisplayValue": [Function],
  "getAllByLabelText": [Function],
  "getAllByPlaceholderText": [Function],
  "getAllByRole": [Function],
  "getAllByTestId": [Function],
  "getAllByText": [Function],
  "getAllByTitle": [Function],
  "getByAltText": [Function],
  "getByDisplayValue": [Function],
  "getByLabelText": [Function],
  "getByPlaceholderText": [Function],
  "getByRole": [Function],
  "getByTestId": [Function],
  "getByText": [Function],
  "getByTitle": [Function],
  "queryAllByAltText": [Function],
  "queryAllByDisplayValue": [Function],
  "queryAllByLabelText": [Function],
  "queryAllByPlaceholderText": [Function],
  "queryAllByRole": [Function],
  "queryAllByTestId": [Function],
  "queryAllByText": [Function],
  "queryAllByTitle": [Function],
  "queryByAltText": [Function],
  "queryByDisplayValue": [Function],
  "queryByLabelText": [Function],
  "queryByPlaceholderText": [Function],
  "queryByRole": [Function],
  "queryByTestId": [Function],
  "queryByText": [Function],
  "queryByTitle": [Function],
  "rerender": [Function],
  "unmount": [Function],
}
`;
